// Jest Snapshot v1, https://goo.gl/fbAQLP

exports[`Body Snapshot Test passes the snapshot test 1`] = `"<div class=\\"makeStyles-root-2\\">Children</div>"`;
