// Jest Snapshot v1, https://goo.gl/fbAQLP

exports[`LandingPage Snapshot Test Passes the snapshot test 1`] = `
"<div class=\\"makeStyles-root-5\\">
  <div class=\\"makeStyles-root-6 makeStyles-root-8\\"></div>
</div>"
`;
