// Jest Snapshot v1, https://goo.gl/fbAQLP

exports[`Navbar Snapshot Test passes the snapshot test 1`] = `
"<div class=\\"makeStyles-root-205\\" data-testid=\\"navbar\\">
  <header class=\\"MuiPaper-root MuiAppBar-root MuiAppBar-positionFixed MuiAppBar-colorPrimary makeStyles-nav-206 mui-fixed MuiPaper-elevation4\\">
    <div class=\\"MuiToolbar-root MuiToolbar-regular MuiToolbar-gutters\\"><img class=\\"makeStyles-logo-212\\" src=\\"logo.png\\" alt=\\"logo\\">
      <div class=\\"makeStyles-search-213\\">
        <div class=\\"makeStyles-searchIcon-214\\"><svg class=\\"MuiSvgIcon-root\\" focusable=\\"false\\" viewBox=\\"0 0 24 24\\" aria-hidden=\\"true\\">
            <path d=\\"M15.5 14h-.79l-.28-.27C15.41 12.59 16 11.11 16 9.5 16 5.91 13.09 3 9.5 3S3 5.91 3 9.5 5.91 16 9.5 16c1.61 0 3.09-.59 4.23-1.57l.27.28v.79l5 4.99L20.49 19l-4.99-5zm-6 0C7.01 14 5 11.99 5 9.5S7.01 5 9.5 5 14 7.01 14 9.5 11.99 14 9.5 14z\\"></path>
          </svg></div>
        <div class=\\"MuiInputBase-root makeStyles-inputRoot-215\\"><input placeholder=\\"Search...\\" type=\\"text\\" aria-label=\\"search\\" class=\\"MuiInputBase-input makeStyles-inputInput-216 makeStyles-expandAnimation-217\\" value=\\"\\"></div>
      </div>
      <div class=\\"makeStyles-actions-207\\">
        <div class=\\"makeStyles-container-218\\"><svg class=\\"MuiSvgIcon-root\\" focusable=\\"false\\" viewBox=\\"0 0 24 24\\" aria-hidden=\\"true\\">
            <path d=\\"M20 8.69V4h-4.69L12 .69 8.69 4H4v4.69L.69 12 4 15.31V20h4.69L12 23.31 15.31 20H20v-4.69L23.31 12 20 8.69zM12 18c-3.31 0-6-2.69-6-6s2.69-6 6-6 6 2.69 6 6-2.69 6-6 6zm0-10c-2.21 0-4 1.79-4 4s1.79 4 4 4 4-1.79 4-4-1.79-4-4-4z\\"></path>
          </svg><span class=\\"MuiSwitch-root makeStyles-switch-219\\"><span class=\\"MuiButtonBase-root MuiIconButton-root PrivateSwitchBase-root-222 MuiSwitch-switchBase MuiSwitch-colorSecondary PrivateSwitchBase-checked-223 Mui-checked\\" aria-disabled=\\"false\\"><span class=\\"MuiIconButton-label\\"><input class=\\"PrivateSwitchBase-input-225 MuiSwitch-input\\" name=\\"checkedB\\" type=\\"checkbox\\" aria-label=\\"primary checkbox\\" value=\\"dark-theme\\" checked=\\"\\"><span class=\\"MuiSwitch-thumb\\"></span></span><span class=\\"MuiTouchRipple-root\\"></span></span><span class=\\"MuiSwitch-track\\"></span></span><svg class=\\"MuiSvgIcon-root\\" focusable=\\"false\\" viewBox=\\"0 0 24 24\\" aria-hidden=\\"true\\">
            <path d=\\"M20 8.69V4h-4.69L12 .69 8.69 4H4v4.69L.69 12 4 15.31V20h4.69L12 23.31 15.31 20H20v-4.69L23.31 12 20 8.69zM12 18c-.89 0-1.74-.2-2.5-.55C11.56 16.5 13 14.42 13 12s-1.44-4.5-3.5-5.45C10.26 6.2 11.11 6 12 6c3.31 0 6 2.69 6 6s-2.69 6-6 6z\\"></path>
          </svg></div>
        <div data-testid=\\"language-switcher\\" class=\\"makeStyles-container-227\\"><img class=\\"makeStyles-flag-226\\" src=\\"https://www.countryflags.com/wp-content/uploads/romania-flag-png-xl.png\\" alt=\\"ro\\">
          <div><span class=\\"MuiSwitch-root\\"><span class=\\"MuiButtonBase-root MuiIconButton-root PrivateSwitchBase-root-222 MuiSwitch-switchBase MuiSwitch-colorSecondary PrivateSwitchBase-checked-223 Mui-checked\\" aria-disabled=\\"false\\" data-testid=\\"language-switch-input\\"><span class=\\"MuiIconButton-label\\"><input class=\\"PrivateSwitchBase-input-225 MuiSwitch-input\\" type=\\"checkbox\\" value=\\"\\" checked=\\"\\"><span class=\\"MuiSwitch-thumb\\"></span></span><span class=\\"MuiTouchRipple-root\\"></span></span><span class=\\"MuiSwitch-track makeStyles-switchTrack-230\\"></span></span></div><img class=\\"makeStyles-flag-226\\" src=\\"https://www.countryflags.com/wp-content/uploads/united-kingdom-flag-png-large.png\\" alt=\\"uk\\">
        </div>
      </div>
      <div class=\\"makeStyles-menuItems-231\\"><button class=\\"MuiButtonBase-root MuiButton-root MuiButton-text\\" tabindex=\\"0\\" type=\\"button\\"><span class=\\"MuiButton-label\\">Home</span><span class=\\"MuiTouchRipple-root\\"></span></button><button class=\\"MuiButtonBase-root MuiButton-root MuiButton-text\\" tabindex=\\"0\\" type=\\"button\\"><span class=\\"MuiButton-label\\">News</span><span class=\\"MuiTouchRipple-root\\"></span></button><button class=\\"MuiButtonBase-root MuiButton-root MuiButton-text\\" tabindex=\\"0\\" type=\\"button\\"><span class=\\"MuiButton-label\\">About</span><span class=\\"MuiTouchRipple-root\\"></span></button><button class=\\"MuiButtonBase-root MuiButton-root MuiButton-text\\" tabindex=\\"0\\" type=\\"button\\"><span class=\\"MuiButton-label\\">Contact</span><span class=\\"MuiTouchRipple-root\\"></span></button><button class=\\"MuiButtonBase-root MuiButton-root MuiButton-text\\" tabindex=\\"0\\" type=\\"button\\"><span class=\\"MuiButton-label\\">Sign In</span><span class=\\"MuiTouchRipple-root\\"></span></button><button class=\\"MuiButtonBase-root MuiButton-root MuiButton-text\\" tabindex=\\"0\\" type=\\"button\\"><span class=\\"MuiButton-label\\">Sign Up</span><span class=\\"MuiTouchRipple-root\\"></span></button></div>
    </div>
  </header>
</div>"
`;
