// Jest Snapshot v1, https://goo.gl/fbAQLP

exports[`ThemeSwitcher Snapshot Test passes the snapshot test 1`] = `
"<div class=\\"makeStyles-container-33\\"><svg class=\\"MuiSvgIcon-root\\" focusable=\\"false\\" viewBox=\\"0 0 24 24\\" aria-hidden=\\"true\\">
    <path d=\\"M20 8.69V4h-4.69L12 .69 8.69 4H4v4.69L.69 12 4 15.31V20h4.69L12 23.31 15.31 20H20v-4.69L23.31 12 20 8.69zM12 18c-3.31 0-6-2.69-6-6s2.69-6 6-6 6 2.69 6 6-2.69 6-6 6zm0-10c-2.21 0-4 1.79-4 4s1.79 4 4 4 4-1.79 4-4-1.79-4-4-4z\\"></path>
  </svg><span class=\\"MuiSwitch-root makeStyles-switch-34\\"><span class=\\"MuiButtonBase-root MuiIconButton-root PrivateSwitchBase-root-37 MuiSwitch-switchBase MuiSwitch-colorSecondary PrivateSwitchBase-checked-38 Mui-checked\\" aria-disabled=\\"false\\"><span class=\\"MuiIconButton-label\\"><input class=\\"PrivateSwitchBase-input-40 MuiSwitch-input\\" name=\\"checkedB\\" type=\\"checkbox\\" aria-label=\\"primary checkbox\\" value=\\"dark-theme\\" checked=\\"\\"><span class=\\"MuiSwitch-thumb\\"></span></span><span class=\\"MuiTouchRipple-root\\"></span></span><span class=\\"MuiSwitch-track\\"></span></span><svg class=\\"MuiSvgIcon-root\\" focusable=\\"false\\" viewBox=\\"0 0 24 24\\" aria-hidden=\\"true\\">
    <path d=\\"M20 8.69V4h-4.69L12 .69 8.69 4H4v4.69L.69 12 4 15.31V20h4.69L12 23.31 15.31 20H20v-4.69L23.31 12 20 8.69zM12 18c-.89 0-1.74-.2-2.5-.55C11.56 16.5 13 14.42 13 12s-1.44-4.5-3.5-5.45C10.26 6.2 11.11 6 12 6c3.31 0 6 2.69 6 6s-2.69 6-6 6z\\"></path>
  </svg></div>"
`;
