// Jest Snapshot v1, https://goo.gl/fbAQLP

exports[`Banner Snapshot Test Passes the snapshot test 1`] = `"<div class=\\"makeStyles-root-4 makeStyles-root-6\\"></div>"`;
