// Jest Snapshot v1, https://goo.gl/fbAQLP

exports[`Logo Snapshot Test passes the snapshot test 1`] = `"<img class=\\"makeStyles-logo-6\\" src=\\"logo.png\\" alt=\\"logo\\">"`;
